kjv-genre: 6 labels, train=7200 val=1200 test=1200
  train counts: law=1200, history=1200, wisdom=1200, prophets=1200, gospels=1200, epistles=1200

train time           101.5s (8000 steps)
val   accuracy    0.4400
test  accuracy    0.3808  (macro 0.3808)
test  mean NLL    1.5659
mean voters/ex    31.7 of 1340 organisms
coverage          1.0000  (examples with at least one vote)
oracle accuracy   0.9708  (best label among those voted for)
same votes, majority0.3067
same votes, winrate 0.3792
baseline majority         0.1667
baseline ngram_centroid   0.6292

per-class recall:
  law          0.350
  history      0.530
  wisdom       0.275
  prophets     0.325
  gospels      0.470
  epistles     0.335

top 18 organisms (pattern -> label):
  'because'            -> history    E=  4.36 votes=  277 win%= 23.8 thr=0.30 stake=1.00 age=8000
  'when'               -> gospels    E=  3.87 votes=  472 win%= 30.5 thr=0.30 stake=1.00 age=5790
  'when'               -> gospels    E=  3.63 votes=  390 win%= 30.5 thr=0.16 stake=1.06 age=4597
  'made,'              -> history    E=  3.50 votes=  300 win%= 23.0 thr=0.30 stake=1.00 age=6693
  ' men'               -> history    E=  3.25 votes=  249 win%= 32.5 thr=0.30 stake=1.00 age=5545
  'believ'             -> gospels    E=  3.03 votes=   78 win%= 38.5 thr=0.30 stake=1.00 age=5330
  'made'               -> wisdom     E=  2.98 votes=  372 win%= 10.2 thr=0.30 stake=1.00 age=8000
  'ousehold'           -> history    E=  2.95 votes=  226 win%= 36.7 thr=0.30 stake=1.00 age=4496
  'mout'               -> wisdom     E=  2.95 votes=   81 win%= 44.4 thr=0.30 stake=1.00 age=5823
  'LORD,'              -> prophets   E=  2.89 votes=  542 win%= 28.8 thr=0.15 stake=1.13 age=3362
  'Christ'             -> epistles   E=  2.88 votes=   51 win%= 84.3 thr=0.30 stake=1.00 age=2067
  'offeri'             -> law        E=  2.88 votes=   92 win%= 43.5 thr=0.30 stake=1.00 age=3704
  'Mose'               -> law        E=  2.81 votes=   65 win%= 81.5 thr=0.30 stake=1.00 age=3165
  'your'               -> epistles   E=  2.80 votes=  372 win%= 21.8 thr=0.30 stake=1.00 age=8000
  'ways'               -> wisdom     E=  2.79 votes=   41 win%= 48.8 thr=0.30 stake=1.00 age=3589
  'three'              -> history    E=  2.77 votes=  266 win%= 27.8 thr=0.30 stake=1.00 age=7779
  'Abra'               -> law        E=  2.70 votes=   62 win%= 67.7 thr=0.30 stake=1.00 age=6560
  'Jesus'              -> gospels    E=  2.69 votes=  207 win%= 59.9 thr=0.29 stake=1.09 age=5445

wrote out/final_kjv-genre_s43.json
