kjv-genre: 6 labels, train=7200 val=1200 test=1200
  train counts: law=1200, history=1200, wisdom=1200, prophets=1200, gospels=1200, epistles=1200

train time           412.6s (25000 steps)
val   accuracy    0.4300
test  accuracy    0.4000  (macro 0.4000)
test  mean NLL    1.5488
mean voters/ex    43.8 of 2546 organisms
coverage          0.9975  (examples with at least one vote)
oracle accuracy   0.9775  (best label among those voted for)
same votes, majority0.3533
same votes, winrate 0.3975
baseline majority         0.1667

per-class recall:
  law          0.300
  history      0.680
  wisdom       0.295
  prophets     0.435
  gospels      0.265
  epistles     0.425

wrote out/weight_kjv-genre_25000.json
